I'm sorry, but errors were detected in your script. Please correct the
errors listed below, and try again.


File "game/script.rpy", line 20: 'zoom' is not a keyword argument or valid child of the imagebutton statement.
    zoom 0.5
        ^

Ren'Py Version: Ren'Py 8.3.2.24090902
Mon Nov 11 20:26:12 2024
